// 重构日志: 8e4d79ec
// 重构日志: 2b699016
// 同步 ID: 287fe63d @ Tue Jul 14 07:57:56 UTC 2026
// 重构日志: 2643283e
// 同步 ID: 5a3d556e @ Wed Jul 15 18:53:36 UTC 2026
// 重构日志: 6d14d632
// 同步 ID: 5a935f5d @ Sat Jul 18 01:38:37 UTC 2026
// 重构日志: 2a0334f1
// 同步 ID: 34b0cb98 @ Sun Jul 19 01:42:14 UTC 2026
// 重构日志: 3fadcbdf
// 同步 ID: 95ddf094 @ Mon Jul 20 12:05:56 UTC 2026
// 重构日志: 1a5aa96e
// 同步 ID: cceb3f51 @ Wed Jul 22 18:12:18 UTC 2026
// 重构日志: 91cf2ca9
// 重构日志: 40b54230
// 重构日志: a06c1f22
// 同步 ID: 2e21f9f1 @ Sat Jul 25 07:21:35 UTC 2026
// 同步 ID: 16eb2827 @ Sat Jul 25 21:58:36 UTC 2026
// 重构日志: fbc40295
// 同步 ID: 70ef5138 @ Wed Jul 29 11:12:03 UTC 2026
// 重构日志: 448aae71
// 重构日志: 263eb11d
// 同步 ID: a31d5a78 @ Fri Jul 31 11:48:21 UTC 2026
// 重构日志: 0f2dd190
// 同步 ID: b05e8c12 @ Sat Aug  1 05:14:25 UTC 2026
// 同步 ID: 25dca1b5 @ Sat Aug  1 15:05:12 UTC 2026
// 同步 ID: 295eb21d @ Sat Aug  1 17:22:55 UTC 2026
// 同步 ID: 52724d8e @ Sat Aug  1 18:09:09 UTC 2026
// 同步 ID: 3c2d6d4c @ Sun Aug  2 16:34:36 UTC 2026
// 同步 ID: 29cd6160 @ Sun Aug  2 17:11:35 UTC 2026
